16:18:02 **** Incremental Build of configuration Debug for project MKS_CV6 ****
make -j4 all 
arm-none-eabi-gcc "../Core/Src/main.c" -mcpu=cortex-m0 -std=gnu11 -g3 -DDEBUG -DUSE_HAL_DRIVER -DSTM32F030x8 -c -I../Core/Inc -I../Drivers/STM32F0xx_HAL_Driver/Inc -I../Drivers/STM32F0xx_HAL_Driver/Inc/Legacy -I../Drivers/CMSIS/Device/ST/STM32F0xx/Include -I../Drivers/CMSIS/Include -I../Middlewares/Third_Party/FreeRTOS/Source/include -I../Middlewares/Third_Party/FreeRTOS/Source/CMSIS_RTOS -I../Middlewares/Third_Party/FreeRTOS/Source/portable/GCC/ARM_CM0 -O0 -ffunction-sections -fdata-sections -Wall -fstack-usage -MMD -MP -MF"Core/Src/main.d" -MT"Core/Src/main.o" --specs=nano.specs -mfloat-abi=soft -mthumb -o "Core/Src/main.o"
arm-none-eabi-gcc -o "MKS_CV6.elf" @"objects.list"   -mcpu=cortex-m0 -T"C:\Temp\Hlavacek\MKS\MKS_CV6\STM32F030R8TX_FLASH.ld" --specs=nosys.specs -Wl,-Map="MKS_CV6.map" -Wl,--gc-sections -static --specs=nano.specs -mfloat-abi=soft -mthumb -Wl,--start-group -lc -lm -Wl,--end-group
Finished building target: MKS_CV6.elf
 
arm-none-eabi-size   MKS_CV6.elf 
arm-none-eabi-objdump -h -S  MKS_CV6.elf  > "MKS_CV6.list"
   text	   data	    bss	    dec	    hex	filename
  26780	    140	   5972	  32892	   807c	MKS_CV6.elf
Finished building: default.size.stdout
 
Finished building: MKS_CV6.list
 
16:18:11 **** Incremental Build of configuration Debug for project MKS_CV6 ****
make -j4 all 
arm-none-eabi-size   MKS_CV6.elf 
   text	   data	    bss	    dec	    hex	filename
  26780	    140	   5972	  32892	   807c	MKS_CV6.elf
Finished building: default.size.stdout
 
16:21:34 **** Incremental Build of configuration Debug for project MKS_CV6 ****
make -j4 all 
arm-none-eabi-gcc "../Core/Src/main.c" -mcpu=cortex-m0 -std=gnu11 -g3 -DDEBUG -DUSE_HAL_DRIVER -DSTM32F030x8 -c -I../Core/Inc -I../Drivers/STM32F0xx_HAL_Driver/Inc -I../Drivers/STM32F0xx_HAL_Driver/Inc/Legacy -I../Drivers/CMSIS/Device/ST/STM32F0xx/Include -I../Drivers/CMSIS/Include -I../Middlewares/Third_Party/FreeRTOS/Source/include -I../Middlewares/Third_Party/FreeRTOS/Source/CMSIS_RTOS -I../Middlewares/Third_Party/FreeRTOS/Source/portable/GCC/ARM_CM0 -O0 -ffunction-sections -fdata-sections -Wall -fstack-usage -MMD -MP -MF"Core/Src/main.d" -MT"Core/Src/main.o" --specs=nano.specs -mfloat-abi=soft -mthumb -o "Core/Src/main.o"
arm-none-eabi-gcc -o "MKS_CV6.elf" @"objects.list"   -mcpu=cortex-m0 -T"C:\Temp\Hlavacek\MKS\MKS_CV6\STM32F030R8TX_FLASH.ld" --specs=nosys.specs -Wl,-Map="MKS_CV6.map" -Wl,--gc-sections -static --specs=nano.specs -mfloat-abi=soft -mthumb -Wl,--start-group -lc -lm -Wl,--end-group
Finished building target: MKS_CV6.elf
 
arm-none-eabi-size   MKS_CV6.elf 
arm-none-eabi-objdump -h -S  MKS_CV6.elf  > "MKS_CV6.list"
   text	   data	    bss	    dec	    hex	filename
  26780	    140	   5972	  32892	   807c	MKS_CV6.elf
Finished building: default.size.stdout
 
Finished building: MKS_CV6.list
 
16:22:13 **** Incremental Build of configuration Debug for project MKS_CV6 ****
make -j4 all 
arm-none-eabi-size   MKS_CV6.elf 
   text	   data	    bss	    dec	    hex	filename
  26780	    140	   5972	  32892	   807c	MKS_CV6.elf
Finished building: default.size.stdout
 
16:25:14 **** Incremental Build of configuration Debug for project MKS_CV6 ****
make -j4 all 
arm-none-eabi-size   MKS_CV6.elf 
   text	   data	    bss	    dec	    hex	filename
  26780	    140	   5972	  32892	   807c	MKS_CV6.elf
Finished building: default.size.stdout
 
16:25:28 **** Incremental Build of configuration Debug for project MKS_CV6 ****
make -j4 all 
arm-none-eabi-size   MKS_CV6.elf 
   text	   data	    bss	    dec	    hex	filename
  26780	    140	   5972	  32892	   807c	MKS_CV6.elf
Finished building: default.size.stdout
 
16:26:28 **** Incremental Build of configuration Debug for project MKS_CV6 ****
make -j4 all 
arm-none-eabi-gcc "../Core/Src/main.c" -mcpu=cortex-m0 -std=gnu11 -g3 -DDEBUG -DUSE_HAL_DRIVER -DSTM32F030x8 -c -I../Core/Inc -I../Drivers/STM32F0xx_HAL_Driver/Inc -I../Drivers/STM32F0xx_HAL_Driver/Inc/Legacy -I../Drivers/CMSIS/Device/ST/STM32F0xx/Include -I../Drivers/CMSIS/Include -I../Middlewares/Third_Party/FreeRTOS/Source/include -I../Middlewares/Third_Party/FreeRTOS/Source/CMSIS_RTOS -I../Middlewares/Third_Party/FreeRTOS/Source/portable/GCC/ARM_CM0 -O0 -ffunction-sections -fdata-sections -Wall -fstack-usage -MMD -MP -MF"Core/Src/main.d" -MT"Core/Src/main.o" --specs=nano.specs -mfloat-abi=soft -mthumb -o "Core/Src/main.o"
arm-none-eabi-gcc -o "MKS_CV6.elf" @"objects.list"   -mcpu=cortex-m0 -T"C:\Temp\Hlavacek\MKS\MKS_CV6\STM32F030R8TX_FLASH.ld" --specs=nosys.specs -Wl,-Map="MKS_CV6.map" -Wl,--gc-sections -static --specs=nano.specs -mfloat-abi=soft -mthumb -Wl,--start-group -lc -lm -Wl,--end-group
Finished building target: MKS_CV6.elf
 
arm-none-eabi-size   MKS_CV6.elf 
arm-none-eabi-objdump -h -S  MKS_CV6.elf  > "MKS_CV6.list"
   text	   data	    bss	    dec	    hex	filename
  26780	    140	   5972	  32892	   807c	MKS_CV6.elf
Finished building: default.size.stdout
 
Finished building: MKS_CV6.list
 
16:27:08 **** Incremental Build of configuration Debug for project MKS_CV6 ****
make -j4 all 
arm-none-eabi-gcc "../Core/Src/main.c" -mcpu=cortex-m0 -std=gnu11 -g3 -DDEBUG -DUSE_HAL_DRIVER -DSTM32F030x8 -c -I../Core/Inc -I../Drivers/STM32F0xx_HAL_Driver/Inc -I../Drivers/STM32F0xx_HAL_Driver/Inc/Legacy -I../Drivers/CMSIS/Device/ST/STM32F0xx/Include -I../Drivers/CMSIS/Include -I../Middlewares/Third_Party/FreeRTOS/Source/include -I../Middlewares/Third_Party/FreeRTOS/Source/CMSIS_RTOS -I../Middlewares/Third_Party/FreeRTOS/Source/portable/GCC/ARM_CM0 -O0 -ffunction-sections -fdata-sections -Wall -fstack-usage -MMD -MP -MF"Core/Src/main.d" -MT"Core/Src/main.o" --specs=nano.specs -mfloat-abi=soft -mthumb -o "Core/Src/main.o"
arm-none-eabi-gcc -o "MKS_CV6.elf" @"objects.list"   -mcpu=cortex-m0 -T"C:\Temp\Hlavacek\MKS\MKS_CV6\STM32F030R8TX_FLASH.ld" --specs=nosys.specs -Wl,-Map="MKS_CV6.map" -Wl,--gc-sections -static --specs=nano.specs -mfloat-abi=soft -mthumb -Wl,--start-group -lc -lm -Wl,--end-group
Finished building target: MKS_CV6.elf
 
arm-none-eabi-size   MKS_CV6.elf 
arm-none-eabi-objdump -h -S  MKS_CV6.elf  > "MKS_CV6.list"
   text	   data	    bss	    dec	    hex	filename
  26480	    140	   5972	  32592	   7f50	MKS_CV6.elf
Finished building: default.size.stdout
 
Finished building: MKS_CV6.list
 
16:28:15 **** Incremental Build of configuration Debug for project MKS_CV6 ****
make -j4 all 
arm-none-eabi-gcc "../Core/Src/main.c" -mcpu=cortex-m0 -std=gnu11 -g3 -DDEBUG -DUSE_HAL_DRIVER -DSTM32F030x8 -c -I../Core/Inc -I../Drivers/STM32F0xx_HAL_Driver/Inc -I../Drivers/STM32F0xx_HAL_Driver/Inc/Legacy -I../Drivers/CMSIS/Device/ST/STM32F0xx/Include -I../Drivers/CMSIS/Include -I../Middlewares/Third_Party/FreeRTOS/Source/include -I../Middlewares/Third_Party/FreeRTOS/Source/CMSIS_RTOS -I../Middlewares/Third_Party/FreeRTOS/Source/portable/GCC/ARM_CM0 -O0 -ffunction-sections -fdata-sections -Wall -fstack-usage -MMD -MP -MF"Core/Src/main.d" -MT"Core/Src/main.o" --specs=nano.specs -mfloat-abi=soft -mthumb -o "Core/Src/main.o"
arm-none-eabi-gcc -o "MKS_CV6.elf" @"objects.list"   -mcpu=cortex-m0 -T"C:\Temp\Hlavacek\MKS\MKS_CV6\STM32F030R8TX_FLASH.ld" --specs=nosys.specs -Wl,-Map="MKS_CV6.map" -Wl,--gc-sections -static --specs=nano.specs -mfloat-abi=soft -mthumb -Wl,--start-group -lc -lm -Wl,--end-group
Finished building target: MKS_CV6.elf
 
arm-none-eabi-size   MKS_CV6.elf 
arm-none-eabi-objdump -h -S  MKS_CV6.elf  > "MKS_CV6.list"
   text	   data	    bss	    dec	    hex	filename
  26656	    140	   5972	  32768	   8000	MKS_CV6.elf
Finished building: default.size.stdout
 
Finished building: MKS_CV6.list
 
16:29:27 **** Incremental Build of configuration Debug for project MKS_CV6 ****
make -j4 all 
arm-none-eabi-gcc "../Core/Src/main.c" -mcpu=cortex-m0 -std=gnu11 -g3 -DDEBUG -DUSE_HAL_DRIVER -DSTM32F030x8 -c -I../Core/Inc -I../Drivers/STM32F0xx_HAL_Driver/Inc -I../Drivers/STM32F0xx_HAL_Driver/Inc/Legacy -I../Drivers/CMSIS/Device/ST/STM32F0xx/Include -I../Drivers/CMSIS/Include -I../Middlewares/Third_Party/FreeRTOS/Source/include -I../Middlewares/Third_Party/FreeRTOS/Source/CMSIS_RTOS -I../Middlewares/Third_Party/FreeRTOS/Source/portable/GCC/ARM_CM0 -O0 -ffunction-sections -fdata-sections -Wall -fstack-usage -MMD -MP -MF"Core/Src/main.d" -MT"Core/Src/main.o" --specs=nano.specs -mfloat-abi=soft -mthumb -o "Core/Src/main.o"
arm-none-eabi-gcc -o "MKS_CV6.elf" @"objects.list"   -mcpu=cortex-m0 -T"C:\Temp\Hlavacek\MKS\MKS_CV6\STM32F030R8TX_FLASH.ld" --specs=nosys.specs -Wl,-Map="MKS_CV6.map" -Wl,--gc-sections -static --specs=nano.specs -mfloat-abi=soft -mthumb -Wl,--start-group -lc -lm -Wl,--end-group
Finished building target: MKS_CV6.elf
 
arm-none-eabi-size   MKS_CV6.elf 
arm-none-eabi-objdump -h -S  MKS_CV6.elf  > "MKS_CV6.list"
   text	   data	    bss	    dec	    hex	filename
  26480	    140	   5972	  32592	   7f50	MKS_CV6.elf
Finished building: default.size.stdout
 
Finished building: MKS_CV6.list
 
16:31:33 **** Incremental Build of configuration Debug for project MKS_CV6 ****
make -j4 all 
arm-none-eabi-gcc "../Core/Src/main.c" -mcpu=cortex-m0 -std=gnu11 -g3 -DDEBUG -DUSE_HAL_DRIVER -DSTM32F030x8 -c -I../Core/Inc -I../Drivers/STM32F0xx_HAL_Driver/Inc -I../Drivers/STM32F0xx_HAL_Driver/Inc/Legacy -I../Drivers/CMSIS/Device/ST/STM32F0xx/Include -I../Drivers/CMSIS/Include -I../Middlewares/Third_Party/FreeRTOS/Source/include -I../Middlewares/Third_Party/FreeRTOS/Source/CMSIS_RTOS -I../Middlewares/Third_Party/FreeRTOS/Source/portable/GCC/ARM_CM0 -O0 -ffunction-sections -fdata-sections -Wall -fstack-usage -MMD -MP -MF"Core/Src/main.d" -MT"Core/Src/main.o" --specs=nano.specs -mfloat-abi=soft -mthumb -o "Core/Src/main.o"
arm-none-eabi-gcc -o "MKS_CV6.elf" @"objects.list"   -mcpu=cortex-m0 -T"C:\Temp\Hlavacek\MKS\MKS_CV6\STM32F030R8TX_FLASH.ld" --specs=nosys.specs -Wl,-Map="MKS_CV6.map" -Wl,--gc-sections -static --specs=nano.specs -mfloat-abi=soft -mthumb -Wl,--start-group -lc -lm -Wl,--end-group
Finished building target: MKS_CV6.elf
 
arm-none-eabi-size   MKS_CV6.elf 
arm-none-eabi-objdump -h -S  MKS_CV6.elf  > "MKS_CV6.list"
   text	   data	    bss	    dec	    hex	filename
  26480	    140	   5972	  32592	   7f50	MKS_CV6.elf
Finished building: default.size.stdout
 
Finished building: MKS_CV6.list
 
16:32:49 **** Incremental Build of configuration Debug for project MKS_CV6 ****
make -j4 all 
arm-none-eabi-gcc "../Core/Src/main.c" -mcpu=cortex-m0 -std=gnu11 -g3 -DDEBUG -DUSE_HAL_DRIVER -DSTM32F030x8 -c -I../Core/Inc -I../Drivers/STM32F0xx_HAL_Driver/Inc -I../Drivers/STM32F0xx_HAL_Driver/Inc/Legacy -I../Drivers/CMSIS/Device/ST/STM32F0xx/Include -I../Drivers/CMSIS/Include -I../Middlewares/Third_Party/FreeRTOS/Source/include -I../Middlewares/Third_Party/FreeRTOS/Source/CMSIS_RTOS -I../Middlewares/Third_Party/FreeRTOS/Source/portable/GCC/ARM_CM0 -O0 -ffunction-sections -fdata-sections -Wall -fstack-usage -MMD -MP -MF"Core/Src/main.d" -MT"Core/Src/main.o" --specs=nano.specs -mfloat-abi=soft -mthumb -o "Core/Src/main.o"
In file included from ../Middlewares/Third_Party/FreeRTOS/Source/CMSIS_RTOS/cmsis_os.h:59,
                 from ../Core/Src/main.c:21:
../Core/Src/main.c: In function 'StartAcceleroTask':
../Core/Src/main.c:460:36: error: 'msg' undeclared (first use in this function)
  460 |    xQueueSend(xVisualQueueHandle, &msg, raw_acceleration[0]);
      |                                    ^~~
../Middlewares/Third_Party/FreeRTOS/Source/include/queue.h:477:92: note: in definition of macro 'xQueueSend'
  477 | #define xQueueSend( xQueue, pvItemToQueue, xTicksToWait ) xQueueGenericSend( ( xQueue ), ( pvItemToQueue ), ( xTicksToWait ), queueSEND_TO_BACK )
      |                                                                                            ^~~~~~~~~~~~~
../Core/Src/main.c:460:36: note: each undeclared identifier is reported only once for each function it appears in
  460 |    xQueueSend(xVisualQueueHandle, &msg, raw_acceleration[0]);
      |                                    ^~~
../Middlewares/Third_Party/FreeRTOS/Source/include/queue.h:477:92: note: in definition of macro 'xQueueSend'
  477 | #define xQueueSend( xQueue, pvItemToQueue, xTicksToWait ) xQueueGenericSend( ( xQueue ), ( pvItemToQueue ), ( xTicksToWait ), queueSEND_TO_BACK )
      |                                                                                            ^~~~~~~~~~~~~
make: *** [Core/Src/subdir.mk:43: Core/Src/main.o] Error 1
"make -j4 all" terminated with exit code 2. Build might be incomplete.
16:33:08 **** Incremental Build of configuration Debug for project MKS_CV6 ****
make -j4 all 
arm-none-eabi-gcc "../Core/Src/main.c" -mcpu=cortex-m0 -std=gnu11 -g3 -DDEBUG -DUSE_HAL_DRIVER -DSTM32F030x8 -c -I../Core/Inc -I../Drivers/STM32F0xx_HAL_Driver/Inc -I../Drivers/STM32F0xx_HAL_Driver/Inc/Legacy -I../Drivers/CMSIS/Device/ST/STM32F0xx/Include -I../Drivers/CMSIS/Include -I../Middlewares/Third_Party/FreeRTOS/Source/include -I../Middlewares/Third_Party/FreeRTOS/Source/CMSIS_RTOS -I../Middlewares/Third_Party/FreeRTOS/Source/portable/GCC/ARM_CM0 -O0 -ffunction-sections -fdata-sections -Wall -fstack-usage -MMD -MP -MF"Core/Src/main.d" -MT"Core/Src/main.o" --specs=nano.specs -mfloat-abi=soft -mthumb -o "Core/Src/main.o"
arm-none-eabi-gcc -o "MKS_CV6.elf" @"objects.list"   -mcpu=cortex-m0 -T"C:\Temp\Hlavacek\MKS\MKS_CV6\STM32F030R8TX_FLASH.ld" --specs=nosys.specs -Wl,-Map="MKS_CV6.map" -Wl,--gc-sections -static --specs=nano.specs -mfloat-abi=soft -mthumb -Wl,--start-group -lc -lm -Wl,--end-group
Finished building target: MKS_CV6.elf
 
arm-none-eabi-size   MKS_CV6.elf 
arm-none-eabi-objdump -h -S  MKS_CV6.elf  > "MKS_CV6.list"
   text	   data	    bss	    dec	    hex	filename
  26512	    140	   5972	  32624	   7f70	MKS_CV6.elf
Finished building: default.size.stdout
 
Finished building: MKS_CV6.list
 
16:33:50 **** Incremental Build of configuration Debug for project MKS_CV6 ****
make -j4 all 
arm-none-eabi-gcc "../Core/Src/main.c" -mcpu=cortex-m0 -std=gnu11 -g3 -DDEBUG -DUSE_HAL_DRIVER -DSTM32F030x8 -c -I../Core/Inc -I../Drivers/STM32F0xx_HAL_Driver/Inc -I../Drivers/STM32F0xx_HAL_Driver/Inc/Legacy -I../Drivers/CMSIS/Device/ST/STM32F0xx/Include -I../Drivers/CMSIS/Include -I../Middlewares/Third_Party/FreeRTOS/Source/include -I../Middlewares/Third_Party/FreeRTOS/Source/CMSIS_RTOS -I../Middlewares/Third_Party/FreeRTOS/Source/portable/GCC/ARM_CM0 -O0 -ffunction-sections -fdata-sections -Wall -fstack-usage -MMD -MP -MF"Core/Src/main.d" -MT"Core/Src/main.o" --specs=nano.specs -mfloat-abi=soft -mthumb -o "Core/Src/main.o"
../Core/Src/main.c: In function 'StartVisualTask':
../Core/Src/main.c:400:41: error: 'msg' undeclared (first use in this function)
  400 |  if (xQueueReceive(xVisualQueueHandle, &msg, portMAX_DELAY)) {
      |                                         ^~~
../Core/Src/main.c:400:41: note: each undeclared identifier is reported only once for each function it appears in
make: *** [Core/Src/subdir.mk:43: Core/Src/main.o] Error 1
"make -j4 all" terminated with exit code 2. Build might be incomplete.
16:34:47 **** Incremental Build of configuration Debug for project MKS_CV6 ****
make -j4 all 
arm-none-eabi-gcc "../Core/Src/main.c" -mcpu=cortex-m0 -std=gnu11 -g3 -DDEBUG -DUSE_HAL_DRIVER -DSTM32F030x8 -c -I../Core/Inc -I../Drivers/STM32F0xx_HAL_Driver/Inc -I../Drivers/STM32F0xx_HAL_Driver/Inc/Legacy -I../Drivers/CMSIS/Device/ST/STM32F0xx/Include -I../Drivers/CMSIS/Include -I../Middlewares/Third_Party/FreeRTOS/Source/include -I../Middlewares/Third_Party/FreeRTOS/Source/CMSIS_RTOS -I../Middlewares/Third_Party/FreeRTOS/Source/portable/GCC/ARM_CM0 -O0 -ffunction-sections -fdata-sections -Wall -fstack-usage -MMD -MP -MF"Core/Src/main.d" -MT"Core/Src/main.o" --specs=nano.specs -mfloat-abi=soft -mthumb -o "Core/Src/main.o"
../Core/Src/main.c: In function 'StartVisualTask':
../Core/Src/main.c:399:2: error: 'msg' undeclared (first use in this function)
  399 |  msg = platform_read(xVisualQueueHandle, reg, bufp, len)
      |  ^~~
../Core/Src/main.c:399:2: note: each undeclared identifier is reported only once for each function it appears in
../Core/Src/main.c:399:42: error: 'reg' undeclared (first use in this function)
  399 |  msg = platform_read(xVisualQueueHandle, reg, bufp, len)
      |                                          ^~~
../Core/Src/main.c:399:47: error: 'bufp' undeclared (first use in this function)
  399 |  msg = platform_read(xVisualQueueHandle, reg, bufp, len)
      |                                               ^~~~
../Core/Src/main.c:399:53: error: 'len' undeclared (first use in this function)
  399 |  msg = platform_read(xVisualQueueHandle, reg, bufp, len)
      |                                                     ^~~
../Core/Src/main.c:399:57: error: expected ';' before 'if'
  399 |  msg = platform_read(xVisualQueueHandle, reg, bufp, len)
      |                                                         ^
      |                                                         ;
  400 |  if (xQueueReceive(xVisualQueueHandle, &msg, portMAX_DELAY)) {
      |  ~~                                                      
make: *** [Core/Src/subdir.mk:43: Core/Src/main.o] Error 1
"make -j4 all" terminated with exit code 2. Build might be incomplete.
16:36:22 **** Incremental Build of configuration Debug for project MKS_CV6 ****
make -j4 all 
arm-none-eabi-gcc "../Core/Src/main.c" -mcpu=cortex-m0 -std=gnu11 -g3 -DDEBUG -DUSE_HAL_DRIVER -DSTM32F030x8 -c -I../Core/Inc -I../Drivers/STM32F0xx_HAL_Driver/Inc -I../Drivers/STM32F0xx_HAL_Driver/Inc/Legacy -I../Drivers/CMSIS/Device/ST/STM32F0xx/Include -I../Drivers/CMSIS/Include -I../Middlewares/Third_Party/FreeRTOS/Source/include -I../Middlewares/Third_Party/FreeRTOS/Source/CMSIS_RTOS -I../Middlewares/Third_Party/FreeRTOS/Source/portable/GCC/ARM_CM0 -O0 -ffunction-sections -fdata-sections -Wall -fstack-usage -MMD -MP -MF"Core/Src/main.d" -MT"Core/Src/main.o" --specs=nano.specs -mfloat-abi=soft -mthumb -o "Core/Src/main.o"
../Core/Src/main.c: In function 'StartVisualTask':
../Core/Src/main.c:400:41: error: 'msg' undeclared (first use in this function)
  400 |  if (xQueueReceive(xVisualQueueHandle, &msg, portMAX_DELAY)) {
      |                                         ^~~
../Core/Src/main.c:400:41: note: each undeclared identifier is reported only once for each function it appears in
make: *** [Core/Src/subdir.mk:43: Core/Src/main.o] Error 1
"make -j4 all" terminated with exit code 2. Build might be incomplete.
16:37:37 **** Incremental Build of configuration Debug for project MKS_CV6 ****
make -j4 all 
arm-none-eabi-gcc "../Core/Src/main.c" -mcpu=cortex-m0 -std=gnu11 -g3 -DDEBUG -DUSE_HAL_DRIVER -DSTM32F030x8 -c -I../Core/Inc -I../Drivers/STM32F0xx_HAL_Driver/Inc -I../Drivers/STM32F0xx_HAL_Driver/Inc/Legacy -I../Drivers/CMSIS/Device/ST/STM32F0xx/Include -I../Drivers/CMSIS/Include -I../Middlewares/Third_Party/FreeRTOS/Source/include -I../Middlewares/Third_Party/FreeRTOS/Source/CMSIS_RTOS -I../Middlewares/Third_Party/FreeRTOS/Source/portable/GCC/ARM_CM0 -O0 -ffunction-sections -fdata-sections -Wall -fstack-usage -MMD -MP -MF"Core/Src/main.d" -MT"Core/Src/main.o" --specs=nano.specs -mfloat-abi=soft -mthumb -o "Core/Src/main.o"
arm-none-eabi-gcc -o "MKS_CV6.elf" @"objects.list"   -mcpu=cortex-m0 -T"C:\Temp\Hlavacek\MKS\MKS_CV6\STM32F030R8TX_FLASH.ld" --specs=nosys.specs -Wl,-Map="MKS_CV6.map" -Wl,--gc-sections -static --specs=nano.specs -mfloat-abi=soft -mthumb -Wl,--start-group -lc -lm -Wl,--end-group
Finished building target: MKS_CV6.elf
 
arm-none-eabi-size   MKS_CV6.elf 
arm-none-eabi-objdump -h -S  MKS_CV6.elf  > "MKS_CV6.list"
   text	   data	    bss	    dec	    hex	filename
  25652	    140	   5972	  31764	   7c14	MKS_CV6.elf
Finished building: default.size.stdout
 
Finished building: MKS_CV6.list
 
16:38:59 **** Incremental Build of configuration Debug for project MKS_CV6 ****
make -j4 all 
arm-none-eabi-gcc "../Core/Src/main.c" -mcpu=cortex-m0 -std=gnu11 -g3 -DDEBUG -DUSE_HAL_DRIVER -DSTM32F030x8 -c -I../Core/Inc -I../Drivers/STM32F0xx_HAL_Driver/Inc -I../Drivers/STM32F0xx_HAL_Driver/Inc/Legacy -I../Drivers/CMSIS/Device/ST/STM32F0xx/Include -I../Drivers/CMSIS/Include -I../Middlewares/Third_Party/FreeRTOS/Source/include -I../Middlewares/Third_Party/FreeRTOS/Source/CMSIS_RTOS -I../Middlewares/Third_Party/FreeRTOS/Source/portable/GCC/ARM_CM0 -O0 -ffunction-sections -fdata-sections -Wall -fstack-usage -MMD -MP -MF"Core/Src/main.d" -MT"Core/Src/main.o" --specs=nano.specs -mfloat-abi=soft -mthumb -o "Core/Src/main.o"
arm-none-eabi-gcc -o "MKS_CV6.elf" @"objects.list"   -mcpu=cortex-m0 -T"C:\Temp\Hlavacek\MKS\MKS_CV6\STM32F030R8TX_FLASH.ld" --specs=nosys.specs -Wl,-Map="MKS_CV6.map" -Wl,--gc-sections -static --specs=nano.specs -mfloat-abi=soft -mthumb -Wl,--start-group -lc -lm -Wl,--end-group
Finished building target: MKS_CV6.elf
 
arm-none-eabi-size   MKS_CV6.elf 
arm-none-eabi-objdump -h -S  MKS_CV6.elf  > "MKS_CV6.list"
   text	   data	    bss	    dec	    hex	filename
  26500	    140	   5972	  32612	   7f64	MKS_CV6.elf
Finished building: default.size.stdout
 
Finished building: MKS_CV6.list
 
16:39:38 **** Incremental Build of configuration Debug for project MKS_CV6 ****
make -j4 all 
arm-none-eabi-gcc "../Core/Src/main.c" -mcpu=cortex-m0 -std=gnu11 -g3 -DDEBUG -DUSE_HAL_DRIVER -DSTM32F030x8 -c -I../Core/Inc -I../Drivers/STM32F0xx_HAL_Driver/Inc -I../Drivers/STM32F0xx_HAL_Driver/Inc/Legacy -I../Drivers/CMSIS/Device/ST/STM32F0xx/Include -I../Drivers/CMSIS/Include -I../Middlewares/Third_Party/FreeRTOS/Source/include -I../Middlewares/Third_Party/FreeRTOS/Source/CMSIS_RTOS -I../Middlewares/Third_Party/FreeRTOS/Source/portable/GCC/ARM_CM0 -O0 -ffunction-sections -fdata-sections -Wall -fstack-usage -MMD -MP -MF"Core/Src/main.d" -MT"Core/Src/main.o" --specs=nano.specs -mfloat-abi=soft -mthumb -o "Core/Src/main.o"
arm-none-eabi-gcc -o "MKS_CV6.elf" @"objects.list"   -mcpu=cortex-m0 -T"C:\Temp\Hlavacek\MKS\MKS_CV6\STM32F030R8TX_FLASH.ld" --specs=nosys.specs -Wl,-Map="MKS_CV6.map" -Wl,--gc-sections -static --specs=nano.specs -mfloat-abi=soft -mthumb -Wl,--start-group -lc -lm -Wl,--end-group
Finished building target: MKS_CV6.elf
 
arm-none-eabi-size   MKS_CV6.elf 
arm-none-eabi-objdump -h -S  MKS_CV6.elf  > "MKS_CV6.list"
   text	   data	    bss	    dec	    hex	filename
  26516	    140	   5972	  32628	   7f74	MKS_CV6.elf
Finished building: default.size.stdout
 
Finished building: MKS_CV6.list
 
16:41:02 **** Incremental Build of configuration Debug for project MKS_CV6 ****
make -j4 all 
arm-none-eabi-gcc "../Core/Src/main.c" -mcpu=cortex-m0 -std=gnu11 -g3 -DDEBUG -DUSE_HAL_DRIVER -DSTM32F030x8 -c -I../Core/Inc -I../Drivers/STM32F0xx_HAL_Driver/Inc -I../Drivers/STM32F0xx_HAL_Driver/Inc/Legacy -I../Drivers/CMSIS/Device/ST/STM32F0xx/Include -I../Drivers/CMSIS/Include -I../Middlewares/Third_Party/FreeRTOS/Source/include -I../Middlewares/Third_Party/FreeRTOS/Source/CMSIS_RTOS -I../Middlewares/Third_Party/FreeRTOS/Source/portable/GCC/ARM_CM0 -O0 -ffunction-sections -fdata-sections -Wall -fstack-usage -MMD -MP -MF"Core/Src/main.d" -MT"Core/Src/main.o" --specs=nano.specs -mfloat-abi=soft -mthumb -o "Core/Src/main.o"
In file included from ../Middlewares/Third_Party/FreeRTOS/Source/CMSIS_RTOS/cmsis_os.h:59,
                 from ../Core/Src/main.c:21:
../Core/Src/main.c: In function 'StartAcceleroTask':
../Core/Src/main.c:459:31: warning: passing argument 1 of 'xQueueGenericSend' makes pointer from integer without a cast [-Wint-conversion]
  459 |    xQueueSend(raw_acceleration[0], &msg, 0);
../Middlewares/Third_Party/FreeRTOS/Source/include/queue.h:477:80: note: in definition of macro 'xQueueSend'
  477 | #define xQueueSend( xQueue, pvItemToQueue, xTicksToWait ) xQueueGenericSend( ( xQueue ), ( pvItemToQueue ), ( xTicksToWait ), queueSEND_TO_BACK )
      |                                                                                ^~~~~~
../Middlewares/Third_Party/FreeRTOS/Source/include/queue.h:648:45: note: expected 'QueueHandle_t' {aka 'void *'} but argument is of type 'int16_t' {aka 'short int'}
  648 | BaseType_t xQueueGenericSend( QueueHandle_t xQueue, const void * const pvItemToQueue, TickType_t xTicksToWait, const BaseType_t xCopyPosition ) PRIVILEGED_FUNCTION;
      |                               ~~~~~~~~~~~~~~^~~~~~
arm-none-eabi-gcc -o "MKS_CV6.elf" @"objects.list"   -mcpu=cortex-m0 -T"C:\Temp\Hlavacek\MKS\MKS_CV6\STM32F030R8TX_FLASH.ld" --specs=nosys.specs -Wl,-Map="MKS_CV6.map" -Wl,--gc-sections -static --specs=nano.specs -mfloat-abi=soft -mthumb -Wl,--start-group -lc -lm -Wl,--end-group
Finished building target: MKS_CV6.elf
 
arm-none-eabi-size   MKS_CV6.elf 
arm-none-eabi-objdump -h -S  MKS_CV6.elf  > "MKS_CV6.list"
   text	   data	    bss	    dec	    hex	filename
  26500	    140	   5972	  32612	   7f64	MKS_CV6.elf
Finished building: default.size.stdout
 
Finished building: MKS_CV6.list
 
16:42:02 **** Incremental Build of configuration Debug for project MKS_CV6 ****
make -j4 all 
arm-none-eabi-gcc "../Core/Src/main.c" -mcpu=cortex-m0 -std=gnu11 -g3 -DDEBUG -DUSE_HAL_DRIVER -DSTM32F030x8 -c -I../Core/Inc -I../Drivers/STM32F0xx_HAL_Driver/Inc -I../Drivers/STM32F0xx_HAL_Driver/Inc/Legacy -I../Drivers/CMSIS/Device/ST/STM32F0xx/Include -I../Drivers/CMSIS/Include -I../Middlewares/Third_Party/FreeRTOS/Source/include -I../Middlewares/Third_Party/FreeRTOS/Source/CMSIS_RTOS -I../Middlewares/Third_Party/FreeRTOS/Source/portable/GCC/ARM_CM0 -O0 -ffunction-sections -fdata-sections -Wall -fstack-usage -MMD -MP -MF"Core/Src/main.d" -MT"Core/Src/main.o" --specs=nano.specs -mfloat-abi=soft -mthumb -o "Core/Src/main.o"
arm-none-eabi-gcc -o "MKS_CV6.elf" @"objects.list"   -mcpu=cortex-m0 -T"C:\Temp\Hlavacek\MKS\MKS_CV6\STM32F030R8TX_FLASH.ld" --specs=nosys.specs -Wl,-Map="MKS_CV6.map" -Wl,--gc-sections -static --specs=nano.specs -mfloat-abi=soft -mthumb -Wl,--start-group -lc -lm -Wl,--end-group
Finished building target: MKS_CV6.elf
 
arm-none-eabi-size   MKS_CV6.elf 
arm-none-eabi-objdump -h -S  MKS_CV6.elf  > "MKS_CV6.list"
   text	   data	    bss	    dec	    hex	filename
  26500	    140	   5972	  32612	   7f64	MKS_CV6.elf
Finished building: default.size.stdout
 
Finished building: MKS_CV6.list
 
16:43:38 **** Incremental Build of configuration Debug for project MKS_CV6 ****
make -j4 all 
arm-none-eabi-gcc "../Core/Src/main.c" -mcpu=cortex-m0 -std=gnu11 -g3 -DDEBUG -DUSE_HAL_DRIVER -DSTM32F030x8 -c -I../Core/Inc -I../Drivers/STM32F0xx_HAL_Driver/Inc -I../Drivers/STM32F0xx_HAL_Driver/Inc/Legacy -I../Drivers/CMSIS/Device/ST/STM32F0xx/Include -I../Drivers/CMSIS/Include -I../Middlewares/Third_Party/FreeRTOS/Source/include -I../Middlewares/Third_Party/FreeRTOS/Source/CMSIS_RTOS -I../Middlewares/Third_Party/FreeRTOS/Source/portable/GCC/ARM_CM0 -O0 -ffunction-sections -fdata-sections -Wall -fstack-usage -MMD -MP -MF"Core/Src/main.d" -MT"Core/Src/main.o" --specs=nano.specs -mfloat-abi=soft -mthumb -o "Core/Src/main.o"
In file included from ../Middlewares/Third_Party/FreeRTOS/Source/CMSIS_RTOS/cmsis_os.h:59,
                 from ../Core/Src/main.c:21:
../Core/Src/main.c: In function 'StartAcceleroTask':
../Core/Src/main.c:459:51: warning: passing argument 2 of 'xQueueGenericSend' makes pointer from integer without a cast [-Wint-conversion]
  459 |    xQueueSend(xVisualQueueHandle, raw_acceleration[0], 0);
../Middlewares/Third_Party/FreeRTOS/Source/include/queue.h:477:92: note: in definition of macro 'xQueueSend'
  477 | #define xQueueSend( xQueue, pvItemToQueue, xTicksToWait ) xQueueGenericSend( ( xQueue ), ( pvItemToQueue ), ( xTicksToWait ), queueSEND_TO_BACK )
      |                                                                                            ^~~~~~~~~~~~~
../Middlewares/Third_Party/FreeRTOS/Source/include/queue.h:648:72: note: expected 'const void * const' but argument is of type 'int16_t' {aka 'short int'}
  648 | BaseType_t xQueueGenericSend( QueueHandle_t xQueue, const void * const pvItemToQueue, TickType_t xTicksToWait, const BaseType_t xCopyPosition ) PRIVILEGED_FUNCTION;
      |                                                     ~~~~~~~~~~~~~~~~~~~^~~~~~~~~~~~~
../Core/Src/main.c:460:4: warning: 'msg' may be used uninitialized in this function [-Wmaybe-uninitialized]
  460 |    printf("%d\n", msg);
      |    ^~~~~~~~~~~~~~~~~~~
arm-none-eabi-gcc -o "MKS_CV6.elf" @"objects.list"   -mcpu=cortex-m0 -T"C:\Temp\Hlavacek\MKS\MKS_CV6\STM32F030R8TX_FLASH.ld" --specs=nosys.specs -Wl,-Map="MKS_CV6.map" -Wl,--gc-sections -static --specs=nano.specs -mfloat-abi=soft -mthumb -Wl,--start-group -lc -lm -Wl,--end-group
Finished building target: MKS_CV6.elf
 
arm-none-eabi-size   MKS_CV6.elf 
arm-none-eabi-objdump -h -S  MKS_CV6.elf  > "MKS_CV6.list"
   text	   data	    bss	    dec	    hex	filename
  26516	    140	   5972	  32628	   7f74	MKS_CV6.elf
Finished building: default.size.stdout
 
Finished building: MKS_CV6.list
 
16:45:05 **** Incremental Build of configuration Debug for project MKS_CV6 ****
make -j4 all 
arm-none-eabi-gcc "../Core/Src/main.c" -mcpu=cortex-m0 -std=gnu11 -g3 -DDEBUG -DUSE_HAL_DRIVER -DSTM32F030x8 -c -I../Core/Inc -I../Drivers/STM32F0xx_HAL_Driver/Inc -I../Drivers/STM32F0xx_HAL_Driver/Inc/Legacy -I../Drivers/CMSIS/Device/ST/STM32F0xx/Include -I../Drivers/CMSIS/Include -I../Middlewares/Third_Party/FreeRTOS/Source/include -I../Middlewares/Third_Party/FreeRTOS/Source/CMSIS_RTOS -I../Middlewares/Third_Party/FreeRTOS/Source/portable/GCC/ARM_CM0 -O0 -ffunction-sections -fdata-sections -Wall -fstack-usage -MMD -MP -MF"Core/Src/main.d" -MT"Core/Src/main.o" --specs=nano.specs -mfloat-abi=soft -mthumb -o "Core/Src/main.o"
../Core/Src/main.c: In function 'StartAcceleroTask':
../Core/Src/main.c:459:4: error: 'xVisualQueue' undeclared (first use in this function); did you mean 'xVisualQueueHandle'?
  459 |    xVisualQueue = xQueueSend(xVisualQueueHandle, &msg, raw_acceleration[0]);
      |    ^~~~~~~~~~~~
      |    xVisualQueueHandle
../Core/Src/main.c:459:4: note: each undeclared identifier is reported only once for each function it appears in
make: *** [Core/Src/subdir.mk:43: Core/Src/main.o] Error 1
"make -j4 all" terminated with exit code 2. Build might be incomplete.
16:45:28 **** Incremental Build of configuration Debug for project MKS_CV6 ****
make -j4 all 
arm-none-eabi-gcc "../Core/Src/main.c" -mcpu=cortex-m0 -std=gnu11 -g3 -DDEBUG -DUSE_HAL_DRIVER -DSTM32F030x8 -c -I../Core/Inc -I../Drivers/STM32F0xx_HAL_Driver/Inc -I../Drivers/STM32F0xx_HAL_Driver/Inc/Legacy -I../Drivers/CMSIS/Device/ST/STM32F0xx/Include -I../Drivers/CMSIS/Include -I../Middlewares/Third_Party/FreeRTOS/Source/include -I../Middlewares/Third_Party/FreeRTOS/Source/CMSIS_RTOS -I../Middlewares/Third_Party/FreeRTOS/Source/portable/GCC/ARM_CM0 -O0 -ffunction-sections -fdata-sections -Wall -fstack-usage -MMD -MP -MF"Core/Src/main.d" -MT"Core/Src/main.o" --specs=nano.specs -mfloat-abi=soft -mthumb -o "Core/Src/main.o"
arm-none-eabi-gcc -o "MKS_CV6.elf" @"objects.list"   -mcpu=cortex-m0 -T"C:\Temp\Hlavacek\MKS\MKS_CV6\STM32F030R8TX_FLASH.ld" --specs=nosys.specs -Wl,-Map="MKS_CV6.map" -Wl,--gc-sections -static --specs=nano.specs -mfloat-abi=soft -mthumb -Wl,--start-group -lc -lm -Wl,--end-group
Finished building target: MKS_CV6.elf
 
arm-none-eabi-size   MKS_CV6.elf 
arm-none-eabi-objdump -h -S  MKS_CV6.elf  > "MKS_CV6.list"
   text	   data	    bss	    dec	    hex	filename
  26480	    140	   5972	  32592	   7f50	MKS_CV6.elf
Finished building: default.size.stdout
 
Finished building: MKS_CV6.list
 
16:47:46 **** Incremental Build of configuration Debug for project MKS_CV6 ****
make -j4 all 
arm-none-eabi-gcc "../Core/Src/main.c" -mcpu=cortex-m0 -std=gnu11 -g3 -DDEBUG -DUSE_HAL_DRIVER -DSTM32F030x8 -c -I../Core/Inc -I../Drivers/STM32F0xx_HAL_Driver/Inc -I../Drivers/STM32F0xx_HAL_Driver/Inc/Legacy -I../Drivers/CMSIS/Device/ST/STM32F0xx/Include -I../Drivers/CMSIS/Include -I../Middlewares/Third_Party/FreeRTOS/Source/include -I../Middlewares/Third_Party/FreeRTOS/Source/CMSIS_RTOS -I../Middlewares/Third_Party/FreeRTOS/Source/portable/GCC/ARM_CM0 -O0 -ffunction-sections -fdata-sections -Wall -fstack-usage -MMD -MP -MF"Core/Src/main.d" -MT"Core/Src/main.o" --specs=nano.specs -mfloat-abi=soft -mthumb -o "Core/Src/main.o"
arm-none-eabi-gcc -o "MKS_CV6.elf" @"objects.list"   -mcpu=cortex-m0 -T"C:\Temp\Hlavacek\MKS\MKS_CV6\STM32F030R8TX_FLASH.ld" --specs=nosys.specs -Wl,-Map="MKS_CV6.map" -Wl,--gc-sections -static --specs=nano.specs -mfloat-abi=soft -mthumb -Wl,--start-group -lc -lm -Wl,--end-group
Finished building target: MKS_CV6.elf
 
arm-none-eabi-size   MKS_CV6.elf 
arm-none-eabi-objdump -h -S  MKS_CV6.elf  > "MKS_CV6.list"
   text	   data	    bss	    dec	    hex	filename
  26480	    140	   5972	  32592	   7f50	MKS_CV6.elf
Finished building: default.size.stdout
 
Finished building: MKS_CV6.list
 
