17:14:58 **** Incremental Build of configuration Debug for project MKS_CV1 ****
make -j4 all 
arm-none-eabi-gcc "../Src/main.c" -mcpu=cortex-m0 -std=gnu11 -g3 -DDEBUG -DSTM32F030R8Tx -DSTM32F030x8 -DSTM32 -DSTM32F0 -DNUCLEO_F030R8 -c -I"C:/Temp/Hlavacek/MKS/MKS_CV1/CMSIS/Include" -I"C:/Temp/Hlavacek/MKS/MKS_CV1/CMSIS/Device/ST/STM32F0xx/Include" -O0 -ffunction-sections -fdata-sections -Wall -fstack-usage -MMD -MP -MF"Src/main.d" -MT"Src/main.o" --specs=nano.specs -mfloat-abi=soft -mthumb -o "Src/main.o"
arm-none-eabi-gcc -o "MKS_CV1.elf" @"objects.list"   -mcpu=cortex-m0 -T"C:\Temp\Hlavacek\MKS\MKS_CV1\STM32F030R8TX_FLASH.ld" --specs=nosys.specs -Wl,-Map="MKS_CV1.map" -Wl,--gc-sections -static --specs=nano.specs -mfloat-abi=soft -mthumb -Wl,--start-group -lc -lm -Wl,--end-group
Finished building target: MKS_CV1.elf
 
arm-none-eabi-size   MKS_CV1.elf 
arm-none-eabi-objdump -h -S  MKS_CV1.elf  > "MKS_CV1.list"
   text	   data	    bss	    dec	    hex	filename
   1196	     12	   1588	   2796	    aec	MKS_CV1.elf
Finished building: default.size.stdout
 
Finished building: MKS_CV1.list
 

17:14:59 Build Finished. 0 errors, 0 warnings. (took 562ms)

